// Jest Snapshot v1, https://goo.gl/fbAQLP

exports[`<HomePage /> snapshot 1`] = `
<h2>
  Home
</h2>
`;
